// Jest Snapshot v1, https://goo.gl/fbAQLP

exports[`date card component check dom tree rendering 1`] = `ShallowWrapper {}`;
