// Jest Snapshot v1, https://goo.gl/fbAQLP

exports[`date selector rendering check dom tree rendering 1`] = `ShallowWrapper {}`;
