// Jest Snapshot v1, https://goo.gl/fbAQLP

exports[`Calendar component calendar without crashing 1`] = `ShallowWrapper {}`;
