// Jest Snapshot v1, https://goo.gl/fbAQLP

exports[`check CrouselArrpw rendering on dom check dom tree rendering 1`] = `ShallowWrapper {}`;
