// Jest Snapshot v1, https://goo.gl/fbAQLP

exports[`Carousel Cards Rendering mounts without crashing 1`] = `ShallowWrapper {}`;
